WARNING: Position Mitglied der belgischen Abgeordnetenkammer (Q15705021) not in boundary associated_wikidata_positions
WARNING: the district Arrondissement Brüssel-Hauptstadt (Q90870) wasn't found in the boundary data for position Mitglied der belgischen Abgeordnetenkammer (Q15705021)
WARNING: the district Provinz Antwerpen (Q1116) wasn't found in the boundary data for position Mitglied der belgischen Abgeordnetenkammer (Q15705021)
WARNING: the district Provinz Antwerpen (Q1116) wasn't found in the boundary data for position Mitglied der belgischen Abgeordnetenkammer (Q15705021)
WARNING: the district Arrondissement Brüssel-Hauptstadt (Q90870) wasn't found in the boundary data for position Mitglied der belgischen Abgeordnetenkammer (Q15705021)
WARNING: the district Provinz Lüttich (Q1127) wasn't found in the boundary data for position Mitglied der belgischen Abgeordnetenkammer (Q15705021)
WARNING: the district Flämisch-Brabant (Q1118) wasn't found in the boundary data for position Mitglied der belgischen Abgeordnetenkammer (Q15705021)
WARNING: the district Provinz Ostflandern (Q1114) wasn't found in the boundary data for position Mitglied der belgischen Abgeordnetenkammer (Q15705021)
WARNING: the district Provinz Wallonisch-Brabant (Q1122) wasn't found in the boundary data for position Mitglied der belgischen Abgeordnetenkammer (Q15705021)
WARNING: the district Provinz Lüttich (Q1127) wasn't found in the boundary data for position Mitglied der belgischen Abgeordnetenkammer (Q15705021)
WARNING: the district Provinz Hennegau (Q1129) wasn't found in the boundary data for position Mitglied der belgischen Abgeordnetenkammer (Q15705021)
WARNING: the district Provinz Lüttich (Q1127) wasn't found in the boundary data for position Mitglied der belgischen Abgeordnetenkammer (Q15705021)
WARNING: the district Flämisch-Brabant (Q1118) wasn't found in the boundary data for position Mitglied der belgischen Abgeordnetenkammer (Q15705021)
WARNING: the district Provinz Westflandern (Q1113) wasn't found in the boundary data for position Mitglied der belgischen Abgeordnetenkammer (Q15705021)
WARNING: the district Provinz Antwerpen (Q1116) wasn't found in the boundary data for position Mitglied der belgischen Abgeordnetenkammer (Q15705021)
WARNING: the district Provinz Antwerpen (Q1116) wasn't found in the boundary data for position Mitglied der belgischen Abgeordnetenkammer (Q15705021)
WARNING: the district Provinz Antwerpen (Q1116) wasn't found in the boundary data for position Mitglied der belgischen Abgeordnetenkammer (Q15705021)
WARNING: the district Arrondissement Brüssel-Hauptstadt (Q90870) wasn't found in the boundary data for position Mitglied der belgischen Abgeordnetenkammer (Q15705021)
WARNING: the district Provinz Lüttich (Q1127) wasn't found in the boundary data for position Mitglied der belgischen Abgeordnetenkammer (Q15705021)
WARNING: the district Provinz Namur (Q1125) wasn't found in the boundary data for position Mitglied der belgischen Abgeordnetenkammer (Q15705021)
WARNING: the district Provinz Luxemburg (Q1126) wasn't found in the boundary data for position Mitglied der belgischen Abgeordnetenkammer (Q15705021)
WARNING: the district Provinz Antwerpen (Q1116) wasn't found in the boundary data for position Mitglied der belgischen Abgeordnetenkammer (Q15705021)
WARNING: the district Provinz Wallonisch-Brabant (Q1122) wasn't found in the boundary data for position Mitglied der belgischen Abgeordnetenkammer (Q15705021)
WARNING: the district Provinz Ostflandern (Q1114) wasn't found in the boundary data for position Mitglied der belgischen Abgeordnetenkammer (Q15705021)
WARNING: the district Provinz Westflandern (Q1113) wasn't found in the boundary data for position Mitglied der belgischen Abgeordnetenkammer (Q15705021)
WARNING: the district Flämisch-Brabant (Q1118) wasn't found in the boundary data for position Mitglied der belgischen Abgeordnetenkammer (Q15705021)
WARNING: the district Flämisch-Brabant (Q1118) wasn't found in the boundary data for position Mitglied der belgischen Abgeordnetenkammer (Q15705021)
WARNING: the district Provinz Westflandern (Q1113) wasn't found in the boundary data for position Mitglied der belgischen Abgeordnetenkammer (Q15705021)
WARNING: the district Provinz Namur (Q1125) wasn't found in the boundary data for position Mitglied der belgischen Abgeordnetenkammer (Q15705021)
WARNING: the district Provinz Westflandern (Q1113) wasn't found in the boundary data for position Mitglied der belgischen Abgeordnetenkammer (Q15705021)
WARNING: the district Limburg (Q1095) wasn't found in the boundary data for position Mitglied der belgischen Abgeordnetenkammer (Q15705021)
WARNING: the district Provinz Luxemburg (Q1126) wasn't found in the boundary data for position Mitglied der belgischen Abgeordnetenkammer (Q15705021)
WARNING: the district Provinz Namur (Q1125) wasn't found in the boundary data for position Mitglied der belgischen Abgeordnetenkammer (Q15705021)
WARNING: the district Provinz Ostflandern (Q1114) wasn't found in the boundary data for position Mitglied der belgischen Abgeordnetenkammer (Q15705021)
WARNING: the district Provinz Westflandern (Q1113) wasn't found in the boundary data for position Mitglied der belgischen Abgeordnetenkammer (Q15705021)
WARNING: the district Provinz Ostflandern (Q1114) wasn't found in the boundary data for position Mitglied der belgischen Abgeordnetenkammer (Q15705021)
WARNING: the district Provinz Wallonisch-Brabant (Q1122) wasn't found in the boundary data for position Mitglied der belgischen Abgeordnetenkammer (Q15705021)
WARNING: the district Provinz Westflandern (Q1113) wasn't found in the boundary data for position Mitglied der belgischen Abgeordnetenkammer (Q15705021)
WARNING: the district Limburg (Q1095) wasn't found in the boundary data for position Mitglied der belgischen Abgeordnetenkammer (Q15705021)
WARNING: the district Provinz Antwerpen (Q1116) wasn't found in the boundary data for position Mitglied der belgischen Abgeordnetenkammer (Q15705021)
WARNING: the district Provinz Westflandern (Q1113) wasn't found in the boundary data for position Mitglied der belgischen Abgeordnetenkammer (Q15705021)
WARNING: the district Provinz Antwerpen (Q1116) wasn't found in the boundary data for position Mitglied der belgischen Abgeordnetenkammer (Q15705021)
WARNING: the district Flämisch-Brabant (Q1118) wasn't found in the boundary data for position Mitglied der belgischen Abgeordnetenkammer (Q15705021)
WARNING: the district Flämisch-Brabant (Q1118) wasn't found in the boundary data for position Mitglied der belgischen Abgeordnetenkammer (Q15705021)
WARNING: the district Limburg (Q1095) wasn't found in the boundary data for position Mitglied der belgischen Abgeordnetenkammer (Q15705021)
WARNING: the district Provinz Lüttich (Q1127) wasn't found in the boundary data for position Mitglied der belgischen Abgeordnetenkammer (Q15705021)
WARNING: the district Provinz Antwerpen (Q1116) wasn't found in the boundary data for position Mitglied der belgischen Abgeordnetenkammer (Q15705021)
WARNING: the district Provinz Ostflandern (Q1114) wasn't found in the boundary data for position Mitglied der belgischen Abgeordnetenkammer (Q15705021)
WARNING: the district Provinz Ostflandern (Q1114) wasn't found in the boundary data for position Mitglied der belgischen Abgeordnetenkammer (Q15705021)
WARNING: the district Flämisch-Brabant (Q1118) wasn't found in the boundary data for position Mitglied der belgischen Abgeordnetenkammer (Q15705021)
WARNING: the district Provinz Antwerpen (Q1116) wasn't found in the boundary data for position Mitglied der belgischen Abgeordnetenkammer (Q15705021)
WARNING: the district Provinz Ostflandern (Q1114) wasn't found in the boundary data for position Mitglied der belgischen Abgeordnetenkammer (Q15705021)
WARNING: the district Provinz Antwerpen (Q1116) wasn't found in the boundary data for position Mitglied der belgischen Abgeordnetenkammer (Q15705021)
WARNING: the district Provinz Ostflandern (Q1114) wasn't found in the boundary data for position Mitglied der belgischen Abgeordnetenkammer (Q15705021)
WARNING: the district Provinz Westflandern (Q1113) wasn't found in the boundary data for position Mitglied der belgischen Abgeordnetenkammer (Q15705021)
WARNING: the district Provinz Ostflandern (Q1114) wasn't found in the boundary data for position Mitglied der belgischen Abgeordnetenkammer (Q15705021)
WARNING: the district Arrondissement Brüssel-Hauptstadt (Q90870) wasn't found in the boundary data for position Mitglied der belgischen Abgeordnetenkammer (Q15705021)
WARNING: the district Provinz Namur (Q1125) wasn't found in the boundary data for position Mitglied der belgischen Abgeordnetenkammer (Q15705021)
WARNING: the district Provinz Hennegau (Q1129) wasn't found in the boundary data for position Mitglied der belgischen Abgeordnetenkammer (Q15705021)
WARNING: the district Arrondissement Brüssel-Hauptstadt (Q90870) wasn't found in the boundary data for position Mitglied der belgischen Abgeordnetenkammer (Q15705021)
WARNING: the district Limburg (Q1095) wasn't found in the boundary data for position Mitglied der belgischen Abgeordnetenkammer (Q15705021)
WARNING: the district Provinz Westflandern (Q1113) wasn't found in the boundary data for position Mitglied der belgischen Abgeordnetenkammer (Q15705021)
WARNING: the district Provinz Antwerpen (Q1116) wasn't found in the boundary data for position Mitglied der belgischen Abgeordnetenkammer (Q15705021)
WARNING: the district Limburg (Q1095) wasn't found in the boundary data for position Mitglied der belgischen Abgeordnetenkammer (Q15705021)
WARNING: the district Provinz Ostflandern (Q1114) wasn't found in the boundary data for position Mitglied der belgischen Abgeordnetenkammer (Q15705021)
WARNING: the district Provinz Antwerpen (Q1116) wasn't found in the boundary data for position Mitglied der belgischen Abgeordnetenkammer (Q15705021)
WARNING: the district Limburg (Q1095) wasn't found in the boundary data for position Mitglied der belgischen Abgeordnetenkammer (Q15705021)
WARNING: the district Limburg (Q1095) wasn't found in the boundary data for position Mitglied der belgischen Abgeordnetenkammer (Q15705021)
WARNING: the district Provinz Antwerpen (Q1116) wasn't found in the boundary data for position Mitglied der belgischen Abgeordnetenkammer (Q15705021)
WARNING: the district Provinz Antwerpen (Q1116) wasn't found in the boundary data for position Mitglied der belgischen Abgeordnetenkammer (Q15705021)
WARNING: the district Provinz Westflandern (Q1113) wasn't found in the boundary data for position Mitglied der belgischen Abgeordnetenkammer (Q15705021)
WARNING: the district Provinz Ostflandern (Q1114) wasn't found in the boundary data for position Mitglied der belgischen Abgeordnetenkammer (Q15705021)
WARNING: the district Provinz Ostflandern (Q1114) wasn't found in the boundary data for position Mitglied der belgischen Abgeordnetenkammer (Q15705021)
WARNING: the district Provinz Lüttich (Q1127) wasn't found in the boundary data for position Mitglied der belgischen Abgeordnetenkammer (Q15705021)
WARNING: the district Provinz Antwerpen (Q1116) wasn't found in the boundary data for position Mitglied der belgischen Abgeordnetenkammer (Q15705021)
WARNING: the district Provinz Hennegau (Q1129) wasn't found in the boundary data for position Mitglied der belgischen Abgeordnetenkammer (Q15705021)
WARNING: the district Provinz Westflandern (Q1113) wasn't found in the boundary data for position Mitglied der belgischen Abgeordnetenkammer (Q15705021)
WARNING: the district Limburg (Q1095) wasn't found in the boundary data for position Mitglied der belgischen Abgeordnetenkammer (Q15705021)
WARNING: the district Provinz Ostflandern (Q1114) wasn't found in the boundary data for position Mitglied der belgischen Abgeordnetenkammer (Q15705021)
WARNING: the district Provinz Antwerpen (Q1116) wasn't found in the boundary data for position Mitglied der belgischen Abgeordnetenkammer (Q15705021)
WARNING: the district Arrondissement Brüssel-Hauptstadt (Q90870) wasn't found in the boundary data for position Mitglied der belgischen Abgeordnetenkammer (Q15705021)
WARNING: the district Provinz Antwerpen (Q1116) wasn't found in the boundary data for position Mitglied der belgischen Abgeordnetenkammer (Q15705021)
WARNING: the district Provinz Antwerpen (Q1116) wasn't found in the boundary data for position Mitglied der belgischen Abgeordnetenkammer (Q15705021)
WARNING: the district Provinz Hennegau (Q1129) wasn't found in the boundary data for position Mitglied der belgischen Abgeordnetenkammer (Q15705021)
WARNING: the district Provinz Lüttich (Q1127) wasn't found in the boundary data for position Mitglied der belgischen Abgeordnetenkammer (Q15705021)
WARNING: the district Provinz Ostflandern (Q1114) wasn't found in the boundary data for position Mitglied der belgischen Abgeordnetenkammer (Q15705021)
WARNING: the district Provinz Hennegau (Q1129) wasn't found in the boundary data for position Mitglied der belgischen Abgeordnetenkammer (Q15705021)
WARNING: the district Arrondissement Brüssel-Hauptstadt (Q90870) wasn't found in the boundary data for position Mitglied der belgischen Abgeordnetenkammer (Q15705021)
WARNING: the district Provinz Antwerpen (Q1116) wasn't found in the boundary data for position Mitglied der belgischen Abgeordnetenkammer (Q15705021)
WARNING: the district Provinz Hennegau (Q1129) wasn't found in the boundary data for position Mitglied der belgischen Abgeordnetenkammer (Q15705021)
WARNING: the district Provinz Ostflandern (Q1114) wasn't found in the boundary data for position Mitglied der belgischen Abgeordnetenkammer (Q15705021)
WARNING: the district Provinz Lüttich (Q1127) wasn't found in the boundary data for position Mitglied der belgischen Abgeordnetenkammer (Q15705021)
WARNING: the district Limburg (Q1095) wasn't found in the boundary data for position Mitglied der belgischen Abgeordnetenkammer (Q15705021)
WARNING: the district Provinz Hennegau (Q1129) wasn't found in the boundary data for position Mitglied der belgischen Abgeordnetenkammer (Q15705021)
WARNING: the district Provinz Hennegau (Q1129) wasn't found in the boundary data for position Mitglied der belgischen Abgeordnetenkammer (Q15705021)
WARNING: the district Provinz Namur (Q1125) wasn't found in the boundary data for position Mitglied der belgischen Abgeordnetenkammer (Q15705021)
WARNING: the district Provinz Antwerpen (Q1116) wasn't found in the boundary data for position Mitglied der belgischen Abgeordnetenkammer (Q15705021)
WARNING: the district Provinz Ostflandern (Q1114) wasn't found in the boundary data for position Mitglied der belgischen Abgeordnetenkammer (Q15705021)
WARNING: the district Flämisch-Brabant (Q1118) wasn't found in the boundary data for position Mitglied der belgischen Abgeordnetenkammer (Q15705021)
WARNING: the district Provinz Hennegau (Q1129) wasn't found in the boundary data for position Mitglied der belgischen Abgeordnetenkammer (Q15705021)
WARNING: the district Arrondissement Brüssel-Hauptstadt (Q90870) wasn't found in the boundary data for position Mitglied der belgischen Abgeordnetenkammer (Q15705021)
WARNING: the district Arrondissement Brüssel-Hauptstadt (Q90870) wasn't found in the boundary data for position Mitglied der belgischen Abgeordnetenkammer (Q15705021)
WARNING: the district Provinz Namur (Q1125) wasn't found in the boundary data for position Mitglied der belgischen Abgeordnetenkammer (Q15705021)
WARNING: the district Flämisch-Brabant (Q1118) wasn't found in the boundary data for position Mitglied der belgischen Abgeordnetenkammer (Q15705021)
WARNING: the district Provinz Hennegau (Q1129) wasn't found in the boundary data for position Mitglied der belgischen Abgeordnetenkammer (Q15705021)
WARNING: the district Provinz Ostflandern (Q1114) wasn't found in the boundary data for position Mitglied der belgischen Abgeordnetenkammer (Q15705021)
WARNING: the district Provinz Hennegau (Q1129) wasn't found in the boundary data for position Mitglied der belgischen Abgeordnetenkammer (Q15705021)
WARNING: the district Provinz Lüttich (Q1127) wasn't found in the boundary data for position Mitglied der belgischen Abgeordnetenkammer (Q15705021)
WARNING: the district Provinz Ostflandern (Q1114) wasn't found in the boundary data for position Mitglied der belgischen Abgeordnetenkammer (Q15705021)
WARNING: the district Flämisch-Brabant (Q1118) wasn't found in the boundary data for position Mitglied der belgischen Abgeordnetenkammer (Q15705021)
WARNING: the district Arrondissement Brüssel-Hauptstadt (Q90870) wasn't found in the boundary data for position Mitglied der belgischen Abgeordnetenkammer (Q15705021)
WARNING: the district Provinz Ostflandern (Q1114) wasn't found in the boundary data for position Mitglied der belgischen Abgeordnetenkammer (Q15705021)
WARNING: the district Provinz Lüttich (Q1127) wasn't found in the boundary data for position Mitglied der belgischen Abgeordnetenkammer (Q15705021)
WARNING: the district Flämisch-Brabant (Q1118) wasn't found in the boundary data for position Mitglied der belgischen Abgeordnetenkammer (Q15705021)
WARNING: the district Provinz Wallonisch-Brabant (Q1122) wasn't found in the boundary data for position Mitglied der belgischen Abgeordnetenkammer (Q15705021)
WARNING: the district Provinz Lüttich (Q1127) wasn't found in the boundary data for position Mitglied der belgischen Abgeordnetenkammer (Q15705021)
WARNING: the district Provinz Antwerpen (Q1116) wasn't found in the boundary data for position Mitglied der belgischen Abgeordnetenkammer (Q15705021)
WARNING: the district Provinz Hennegau (Q1129) wasn't found in the boundary data for position Mitglied der belgischen Abgeordnetenkammer (Q15705021)
WARNING: the district Provinz Antwerpen (Q1116) wasn't found in the boundary data for position Mitglied der belgischen Abgeordnetenkammer (Q15705021)
WARNING: the district Flämisch-Brabant (Q1118) wasn't found in the boundary data for position Mitglied der belgischen Abgeordnetenkammer (Q15705021)
WARNING: the district Provinz Hennegau (Q1129) wasn't found in the boundary data for position Mitglied der belgischen Abgeordnetenkammer (Q15705021)
WARNING: the district Limburg (Q1095) wasn't found in the boundary data for position Mitglied der belgischen Abgeordnetenkammer (Q15705021)
WARNING: the district Provinz Lüttich (Q1127) wasn't found in the boundary data for position Mitglied der belgischen Abgeordnetenkammer (Q15705021)
WARNING: the district Arrondissement Brüssel-Hauptstadt (Q90870) wasn't found in the boundary data for position Mitglied der belgischen Abgeordnetenkammer (Q15705021)
WARNING: the district Provinz Hennegau (Q1129) wasn't found in the boundary data for position Mitglied der belgischen Abgeordnetenkammer (Q15705021)
WARNING: the district Provinz Westflandern (Q1113) wasn't found in the boundary data for position Mitglied der belgischen Abgeordnetenkammer (Q15705021)
WARNING: the district Provinz Antwerpen (Q1116) wasn't found in the boundary data for position Mitglied der belgischen Abgeordnetenkammer (Q15705021)
WARNING: the district Provinz Wallonisch-Brabant (Q1122) wasn't found in the boundary data for position Mitglied der belgischen Abgeordnetenkammer (Q15705021)
WARNING: the district Provinz Luxemburg (Q1126) wasn't found in the boundary data for position Mitglied der belgischen Abgeordnetenkammer (Q15705021)
WARNING: the district Provinz Lüttich (Q1127) wasn't found in the boundary data for position Mitglied der belgischen Abgeordnetenkammer (Q15705021)
WARNING: the district Arrondissement Brüssel-Hauptstadt (Q90870) wasn't found in the boundary data for position Mitglied der belgischen Abgeordnetenkammer (Q15705021)
WARNING: the district Provinz Hennegau (Q1129) wasn't found in the boundary data for position Mitglied der belgischen Abgeordnetenkammer (Q15705021)
WARNING: the district Provinz Hennegau (Q1129) wasn't found in the boundary data for position Mitglied der belgischen Abgeordnetenkammer (Q15705021)
WARNING: the district Arrondissement Brüssel-Hauptstadt (Q90870) wasn't found in the boundary data for position Mitglied der belgischen Abgeordnetenkammer (Q15705021)
WARNING: the district Provinz Westflandern (Q1113) wasn't found in the boundary data for position Mitglied der belgischen Abgeordnetenkammer (Q15705021)
WARNING: the district Flämisch-Brabant (Q1118) wasn't found in the boundary data for position Mitglied der belgischen Abgeordnetenkammer (Q15705021)
WARNING: the district Flämisch-Brabant (Q1118) wasn't found in the boundary data for position Mitglied der belgischen Abgeordnetenkammer (Q15705021)
WARNING: the district Provinz Westflandern (Q1113) wasn't found in the boundary data for position Mitglied der belgischen Abgeordnetenkammer (Q15705021)
WARNING: the district Provinz Westflandern (Q1113) wasn't found in the boundary data for position Mitglied der belgischen Abgeordnetenkammer (Q15705021)
WARNING: the district Provinz Westflandern (Q1113) wasn't found in the boundary data for position Mitglied der belgischen Abgeordnetenkammer (Q15705021)
WARNING: the district Arrondissement Brüssel-Hauptstadt (Q90870) wasn't found in the boundary data for position Mitglied der belgischen Abgeordnetenkammer (Q15705021)
WARNING: the district Provinz Lüttich (Q1127) wasn't found in the boundary data for position Mitglied der belgischen Abgeordnetenkammer (Q15705021)
WARNING: the district Flämisch-Brabant (Q1118) wasn't found in the boundary data for position Mitglied der belgischen Abgeordnetenkammer (Q15705021)
WARNING: the district Arrondissement Brüssel-Hauptstadt (Q90870) wasn't found in the boundary data for position Mitglied der belgischen Abgeordnetenkammer (Q15705021)
WARNING: the district Provinz Hennegau (Q1129) wasn't found in the boundary data for position Mitglied der belgischen Abgeordnetenkammer (Q15705021)
WARNING: the district Provinz Luxemburg (Q1126) wasn't found in the boundary data for position Mitglied der belgischen Abgeordnetenkammer (Q15705021)
WARNING: the district Provinz Lüttich (Q1127) wasn't found in the boundary data for position Mitglied der belgischen Abgeordnetenkammer (Q15705021)
WARNING: the district Provinz Ostflandern (Q1114) wasn't found in the boundary data for position Mitglied der belgischen Abgeordnetenkammer (Q15705021)
WARNING: the district Provinz Antwerpen (Q1116) wasn't found in the boundary data for position Mitglied der belgischen Abgeordnetenkammer (Q15705021)
WARNING: the district Limburg (Q1095) wasn't found in the boundary data for position Mitglied der belgischen Abgeordnetenkammer (Q15705021)
WARNING: the district Provinz Hennegau (Q1129) wasn't found in the boundary data for position Mitglied der belgischen Abgeordnetenkammer (Q15705021)
WARNING: the district Limburg (Q1095) wasn't found in the boundary data for position Mitglied der belgischen Abgeordnetenkammer (Q15705021)
WARNING: Position Senator (Q17619252) not in boundary associated_wikidata_positions
WARNING: Position [no item] not in boundary associated_wikidata_positions
WARNING: Position député wallon (Q19351455) not in boundary associated_wikidata_positions
WARNING: the district Wallonische Region (Q231) wasn't found in the boundary data for position député wallon (Q19351455)
WARNING: Position [no item] not in boundary associated_wikidata_positions
WARNING: Position [no item] not in boundary associated_wikidata_positions
WARNING: Position Mitglied des Flämischen Parlaments (Q15105064) not in boundary associated_wikidata_positions
WARNING: Position belgischer Premierminister (Q213107) not in boundary associated_wikidata_positions
WARNING: the district Belgien (Q31) wasn't found in the boundary data for position belgischer Premierminister (Q213107)
